// Jest Snapshot v1, https://goo.gl/fbAQLP

exports[`<App/> App renders correctly 1`] = `
<Switch>
  <Route
    component={
      Object {
        "$$typeof": Symbol(react.memo),
        "WrappedComponent": [Function],
        "compare": null,
        "displayName": "Connect(WelcomeScreen)",
        "type": [Function],
      }
    }
    exact={true}
    path="/"
  />
  <Route
    component={
      Object {
        "$$typeof": Symbol(react.memo),
        "WrappedComponent": [Function],
        "compare": null,
        "displayName": "Connect(PageFilmReview)",
        "type": [Function],
      }
    }
    exact={true}
    path="/film/:id/review"
  />
  <Route
    component={
      Object {
        "$$typeof": Symbol(react.memo),
        "WrappedComponent": [Function],
        "compare": null,
        "displayName": "Connect(PageFilm)",
        "type": [Function],
      }
    }
    path="/film/:id"
  />
  <ConnectFunction
    component={
      Object {
        "$$typeof": Symbol(react.memo),
        "WrappedComponent": [Function],
        "compare": null,
        "displayName": "Connect(PageMyList)",
        "type": [Function],
      }
    }
    path="/my-list"
  />
  <ConnectFunction
    component={[Function]}
    exact={true}
    path="/login"
  />
</Switch>
`;
